2026-02-15 20:45:36 INFO  TC002_LoginTest:16 - ********* Starting TC002_LoginTest **********
2026-02-15 20:45:36 DEBUG TC002_LoginTest:18 - **** Homepage started *****
2026-02-15 20:45:37 DEBUG TC002_LoginTest:24 - **** Login started *****
2026-02-15 20:45:39 DEBUG TC002_LoginTest:31 - **** Myaccountpage started *****
2026-02-15 20:52:36 INFO  TC001AccountRegistrationTest:16 - ********* Starting TC001AccountRegistrationTest **********
2026-02-15 20:52:37 INFO  TC001AccountRegistrationTest:22 - ********* Starting RegistrationPage **********
2026-02-15 20:52:41 INFO  TC001AccountRegistrationTest:36 - ********* completed with entering the details  **********
2026-02-15 20:52:41 INFO  TC001AccountRegistrationTest:47 - ********* Successfully completed Registration  **********
2026-02-15 20:52:49 INFO  TC002_LoginTest:16 - ********* Starting TC002_LoginTest **********
2026-02-15 20:52:49 DEBUG TC002_LoginTest:18 - **** Homepage started *****
2026-02-15 20:52:50 DEBUG TC002_LoginTest:24 - **** Login started *****
2026-02-15 20:52:52 DEBUG TC002_LoginTest:31 - **** Myaccountpage started *****
2026-02-15 21:15:07 INFO  TC001AccountRegistrationTest:16 - ********* Starting TC001AccountRegistrationTest **********
2026-02-15 21:15:08 INFO  TC001AccountRegistrationTest:22 - ********* Starting RegistrationPage **********
2026-02-15 21:15:12 INFO  TC001AccountRegistrationTest:36 - ********* completed with entering the details  **********
2026-02-15 21:15:12 INFO  TC001AccountRegistrationTest:47 - ********* Successfully completed Registration  **********
2026-02-15 21:15:21 INFO  TC002_LoginTest:16 - ********* Starting TC002_LoginTest **********
2026-02-15 21:15:21 DEBUG TC002_LoginTest:18 - **** Homepage started *****
2026-02-15 21:15:22 DEBUG TC002_LoginTest:24 - **** Login started *****
2026-02-15 21:15:23 DEBUG TC002_LoginTest:31 - **** Myaccountpage started *****
2026-02-15 21:24:31 INFO  TC001AccountRegistrationTest:16 - ********* Starting TC001AccountRegistrationTest **********
2026-02-15 21:24:32 INFO  TC001AccountRegistrationTest:22 - ********* Starting RegistrationPage **********
2026-02-15 21:24:35 INFO  TC001AccountRegistrationTest:36 - ********* completed with entering the details  **********
2026-02-15 21:24:35 INFO  TC001AccountRegistrationTest:47 - ********* Successfully completed Registration  **********
2026-02-15 21:24:45 INFO  TC002_LoginTest:16 - ********* Starting TC002_LoginTest **********
2026-02-15 21:24:45 DEBUG TC002_LoginTest:18 - **** Homepage started *****
2026-02-15 21:24:46 DEBUG TC002_LoginTest:24 - **** Login started *****
2026-02-15 21:24:48 DEBUG TC002_LoginTest:31 - **** Myaccountpage started *****
